1 Auto 4 0 0 0
2 Moto 3 1 1 0
3 Auto 1 3 0 2
4 Auto 3 1 1 0
5 Auto 3 1 0 4
6 Auto 3 1 1 0
7 Auto 3 1 1 0
8 Auto 4 0 0 0
9 Moto 1 3 0 2
10 Moto 4 0 0 0
11 Auto 4 0 0 0
12 Auto 4 0 0 0
13 Moto 4 0 0 0
14 Moto 3 1 0 4
15 Moto 4 0 0 0
16 Auto 4 0 0 0
17 Auto 4 0 0 0
18 Moto 4 0 0 0
19 Moto 4 0 0 0
20 Moto 3 1 1 0
21 Auto 4 0 0 0
22 Auto 4 0 0 0
23 Moto 4 0 0 0
24 Moto 3 1 1 0
25 Auto 4 0 0 0
26 Moto 4 0 0 0
27 Moto 4 0 0 0
28 Auto 4 0 0 0
29 Auto 4 0 0 0
30 Auto 1 3 3 0
31 Auto 3 1 1 0
32 Auto 3 1 0 3
33 Auto 3 1 1 0
34 Moto 4 0 0 0
35 Auto 3 1 0 4
36 Moto 3 1 1 0
37 Auto 4 0 0 0
38 Auto 4 0 0 0
39 Moto 2 2 0 3
40 Moto 4 0 0 0
41 Moto 3 1 1 0
42 Auto 4 0 0 0
43 Auto 4 0 0 0
44 Auto 4 0 0 0
45 Moto 4 0 0 0
46 Moto 4 0 0 0
47 Auto 3 1 1 0
48 Auto 3 1 1 0
49 Auto 4 0 0 0
50 Auto 4 0 0 0
51 Moto 4 0 0 0
52 Moto 4 0 0 0
