C C C C C C C C C C C C C C C C C C C C C C C C C C C C C C 
C C C C C C C C C C C C C C C C C C C C C C C C C C C C C C 
C C C C C A C C C M E C C C C C C C C C C C C C C C C C C C 
C C C C C C C C C C C C C C C C C C C C C C C C C C C C M C 
C C C C C C C C C C C C C C C C C C C C C C C C C C C C M C 
C C C C C M A C C A C C C C C C M A A A C C C C C C C C M C 
A C C C C C C C C C M C C C C C C C M C C C C C C C C C C C 
C C C C C C C C C C C A A C C C C C C C C C C C C C C C C C 
C C C C C C C C C C C C M C C C C C C C C C C C C C C C C C 
A C C C C C C C C C C C M C A C C C C E C M C C C C C C C C 
C C C C C E C C C C C C C C C C C C C C C C C C C C C C C C 
C C C C C C C A C C C C C C E C C C C C C C C C C C C C C C 
C A C C C C E C C C C C C C C C A C C C C C C C C C C C C C 
C C C C C C C C C C C C C C C C C C C C C C C C C C C C C C 
C C C M C M C C C C C C C C C C C C C C C C C C C C C C C C 
C C C C C C C A A C C C C C M C C C C C C C C C C C C C C C 
C C C C C C C C C C C C C C C C C C C C C C M C C C C C C C 
A C C A C C C C C C C A A C C C E C C C C C C C C C C C C C 
C C C C C C C C C C C M A C C C C C C C C C M C C C C C C C 
C C C A A C C C C C C C C C C C C C C C C C C C C C C C C C 
C C C C C C C C C C C M C C C C C C C C C C C C C C C C C C 
C C C C C C C C C C C C C C C C M A A C C C C C C C C C C C 
C C C C C M C C C C C C C C C C C A C C C C C C C C C C C C 
C C C C C C C C C C C C C C C C C C C C C C C C C C C C C C 
C C C C C M C C C C C C C C C C C C C M C C C C C C C C C C 
C C C C C C C C C C C C C C C C C C C C C C C C C C C C C C 
C C C C C C C C C C C C C C C C C C C C C C C C C C C C C C 
A A C C C C C C C C C C C A A C C C C C C C C C C C C C C C 
C C C C C C C C C C C C C C C C C C C C C C C C C C C C C C 
C C C C C C C C C C C C C C C C C C C C C C C C C C C C C C 
